{
    "code": "LOGAN_MUG_CODE",
    "name": "Logan Mug",
    "slug": "logan-mug",
    "breadcrumb": "categories\/mugs\/logan-mug",
    "averageRating": 0,
    "taxons": "@array@",
    "variants": {
        "LOGAN_MUG_CODE": {
            "code": "LOGAN_MUG_CODE",
            "name": "Logan Mug",
            "axis": "@array@",
            "nameAxis": "@array@",
            "price": {
                "current": 1500,
                "original": 1999
            },
            "images": [
                {
                    "code": "thumbnail",
                    "path": "\/uo\/mug.jpg"
                }
            ],
            "appliedPromotions": [
                {
                    "code": "cp2",
                    "decorations": [
                        {
                            "type": "message",
                            "configuration": {
                                "message": "Wololo",
                                "activeOnProductDisplayPage": true,
                                "activeOnProductListingPage": false,
                                "activeOnCheckoutPage": true
                            }
                        }
                    ]
                }
            ]
        }
    },
    "attributes": "@array@",
    "associations": "@array@",
    "images": [
        {
            "code": "thumbnail",
            "path": "\/uo\/mug.jpg"
        }
    ],
    "_links": {
        "self": {
            "href": "\/shop-api\/products-by-slug\/logan-mug"
        }
    }
}
