{
    "items": [
        {
            "code": "LOGAN_MUG_CODE",
            "name": "@string@",
            "slug": "@string@",
            "taxons": "@wildcard@",
            "variants": [
                {
                    "code": "LOGAN_MUG_CODE",
                    "name": "@string@",
                    "price": {
                        "current": 1999,
                        "currency": "GBP"
                    },
                    "images": "@...@",
                    "appliedPromotions": "@...@"
                }
            ],
            "attributes": "@...@",
            "images": "@...@",
            "channelCode": "WEB_GB",
            "localeCode": "en_US",
            "mainTaxon": "@wildcard@"
        },
        {
            "code": "LOGAN_MUG_CODE",
            "name": "@string@",
            "slug": "@string@",
            "taxons": "@wildcard@",
            "variants": [
                {
                    "code": "LOGAN_MUG_CODE",
                    "name": "@string@",
                    "price": {
                        "current": 1999,
                        "currency": "GBP"
                    },
                    "images": "@...@",
                    "appliedPromotions": "@...@"
                }
            ],
            "attributes": "@...@",
            "images": "@...@",
            "channelCode": "WEB_GB",
            "localeCode": "de_DE",
            "mainTaxon": "@wildcard@"
        },
        {
            "code": "LOGAN_T_SHIRT_CODE",
            "name": "@string@",
            "slug": "@string@",
            "taxons": "@wildcard@",
            "variants": [
                {
                    "code": "LOGAN_T_SHIRT_CODE",
                    "name": "@string@",
                    "price": {
                        "current": 1500,
                        "currency": "GBP",
                        "original": 1999
                    },
                    "images": "@...@",
                    "appliedPromotions": [
                        {
                            "code": "cp1",
                            "decorations": [
                                {
                                    "type": "message",
                                    "configuration": {
                                        "message": "Wololo",
                                        "activeOnProductDisplayPage": true,
                                        "activeOnProductListingPage": true,
                                        "activeOnCheckoutPage": false
                                    }
                                }
                            ]
                        }
                    ]
                }
            ],
            "attributes": "@...@",
            "images": "@...@",
            "channelCode": "WEB_GB",
            "localeCode": "en_US",
            "mainTaxon": "@wildcard@"
        },
        {
            "code": "LOGAN_T_SHIRT_CODE",
            "taxons": "@wildcard@",
            "variants": [
                {
                    "code": "LOGAN_T_SHIRT_CODE",
                    "price": {
                        "current": 1500,
                        "currency": "GBP",
                        "original": 1999
                    },
                    "images": "@...@",
                    "appliedPromotions": [
                        {
                            "code": "cp1",
                            "decorations": [
                                {
                                    "type": "message",
                                    "configuration": {
                                        "message": "Wololo",
                                        "activeOnProductDisplayPage": true,
                                        "activeOnProductListingPage": true,
                                        "activeOnCheckoutPage": false
                                    }
                                }
                            ]
                        }
                    ]
                }
            ],
            "attributes": "@...@",
            "images": "@...@",
            "channelCode": "WEB_GB",
            "localeCode": "de_DE",
            "mainTaxon": "@wildcard@"
        }
    ],
    "filters": "@wildcard@"
}
